<!--
 * @Author: LetMeFly
 * @Date: 2025-07-16 12:54:42
 * @LastEditors: LetMeFly.xyz
 * @LastEditTime: 2025-07-16 13:00:06
-->
commit 711e3d3e6cb6b33b03bd7933d2efaa99d2f798fe (HEAD -> dev)
Author: LetMeFly666 <814114971@qq.com>
Date:   Mon Jul 14 19:00:34 2025 +0800

    word: en

commit eed54c5ded68eee85ab6d272f3637863931e2949
Author: LetMeFly666 <814114971@qq.com>
Date:   Mon Jul 14 18:58:36 2025 +0800

    fix: 昨晚消失的commit
    
    Signed-off-by: LetMeFly666 <814114971@qq.com>



git cherry-pick 711e3d3e6cb6b33b03bd7933d2efaa99d2f798fe
自动合并 Solutions/Other-English-LearningNotes-SomeWords.md
[dev 17b46a66d] word: en
 Date: Mon Jul 14 19:00:34 2025 +0800
 1 file changed, 4 insertions(+), 1 deletion(-)

➜  LeetCode git:(dev) git branch -d temp                                      
错误：分支 'temp' 没有完全合并
提示： 如果您确认要删除它，执行 'git branch -D temp'
提示： Disable this message with "git config set advice.forceDeleteBranch false"
➜  LeetCode git:(dev) git branch -D temp
已删除分支 temp（曾为 711e3d3e6）。