PS F:\OtherApps\Program\Git\Store\Store20_LeetCode> git branch 
* 2099
  2179
  2179-continue
  master
  website
  website_Static
PS F:\OtherApps\Program\Git\Store\Store20_LeetCode> git log
Author: LetMeFly666 <814114971@qq.com>
Date:   Mon Jun 30 00:08:57 2025 +0800
    MGJW: finish (#1003)

    Signed-off-by: LetMeFly666 <814114971@qq.com>

commit 168e7c173d53d61428af535576e503529e1caafe
Author: LetMeFly666 <814114971@qq.com>
Date:   Sun Jun 29 23:30:45 2025 +0800
PS F:\OtherApps\Program\Git\Store\Store20_LeetCode> git checkout master
Switched to branch 'master'
Your branch is up to date with 'origin/master'.
PS F:\OtherApps\Program\Git\Store\Store20_LeetCode> git pull origin master
remote: Enumerating objects: 128, done.
remote: Counting objects: 100% (74/74), done.
remote: Compressing objects: 100% (58/58), done.
Receiving objects: 100% (128/128), 509.80 KiB | 909.00 KiB/s, done.(from 1)Receiving objects:  98% (126/128), 412.00 KiB | 814.00 KiB/s

Resolving deltas: 100% (65/65), completed with 3 local objects.
From github.com:LetMeFly666/LeetCode
 * branch                    master     -> FETCH_HEAD
   891c1676fa1..34ff65eb18d  master     -> origin/master
Updating 891c1676fa1..34ff65eb18d
Fast-forward
 .gitlog                                            |  51 ++
 .vscode/launch.json                                |   7 +
 ...t-binary-number-in-a-linked-list-to-integer.cpp |  31 +
 ...rt-binary-number-in-a-linked-list-to-integer.go |  21 +
 ...-binary-number-in-a-linked-list-to-integer.java |  26 +
 ...rt-binary-number-in-a-linked-list-to-integer.py |  21 +
 Codes/1695-maximum-erasure-value.cpp               |  34 +
 Codes/1695-maximum-erasure-value.go                |  31 +
 Codes/1695-maximum-erasure-value.java              |  25 +
 Codes/1695-maximum-erasure-value.py                |  21 +
 ...1957-delete-characters-to-make-fancy-string.cpp |  32 +
 .../1957-delete-characters-to-make-fancy-string.go |  24 +
 .../1957-delete-characters-to-make-fancy-string.py |  19 +
 ...te-characters-to-make-fancy-string_version2.cpp |  29 +
 ...ubsequence-of-length-k-with-the-largest-sum.cpp |  28 +
 ...subsequence-of-length-k-with-the-largest-sum.go |  25 +
 ...bsequence-of-length-k-with-the-largest-sum.java |  26 +
 ...subsequence-of-length-k-with-the-largest-sum.py |  15 +
 ...0-maximum-matching-of-players-with-trainers.cpp |  27 +
 ...10-maximum-matching-of-players-with-trainers.go |  21 +
 ...-maximum-matching-of-players-with-trainers.java |  22 +
 ...10-maximum-matching-of-players-with-trainers.py |  19 +
 Codes/3136-valid-word.cpp                          |  39 +
 Codes/3136-valid-word.go                           |  33 +
 Codes/3136-valid-word.java                         |  33 +
 Codes/3136-valid-word.py                           |  17 +
 Codes/3169-count-days-without-meetings.cpp         |  28 +
 Codes/3169-count-days-without-meetings.go          |  22 +
 Codes/3169-count-days-without-meetings.java        |  23 +
 Codes/3169-count-days-without-meetings.py          |  18 +
 ...d-the-maximum-length-of-valid-subsequence-i.cpp |  33 +
 ...nd-the-maximum-length-of-valid-subsequence-i.go |  27 +
 ...-the-maximum-length-of-valid-subsequence-i.java |  28 +
 ...nd-the-maximum-length-of-valid-subsequence-i.py |  23 +
 ...-the-maximum-length-of-valid-subsequence-ii.cpp |  25 +
 ...d-the-maximum-length-of-valid-subsequence-ii.go |  22 +
 ...d-the-maximum-length-of-valid-subsequence-ii.py |  16 +
 ...-length-of-valid-subsequence-ii_Ok_KongJian.cpp |  26 +
 ...m-length-of-valid-subsequence-ii_Ok_KongJian.go |  19 +
 ...m-length-of-valid-subsequence-ii_Ok_KongJian.py |  19 +
 ...h-of-valid-subsequence-ii_Ok_KongJian_NoMax.cpp |  26 +
 ...reschedule-meetings-for-maximum-free-time-i.cpp |  33 +
 ...-reschedule-meetings-for-maximum-free-time-i.go |  35 +
 ...eschedule-meetings-for-maximum-free-time-i.java |  27 +
 ...-reschedule-meetings-for-maximum-free-time-i.py |  22 +
 README.md                                          |  10 +
 Solutions/LeetCode 1290.二进制链表转整数.md        | 196 +++++
 Solutions/LeetCode 1695.删除子数组的最大得分.md    | 199 ++++++
 Solutions/LeetCode 1957.删除字符使字符串变好.md    | 195 +++++
 .../LeetCode 2099.找到和最大的长度为K的子序列.md   | 179 +++++
 .../LeetCode 2410.运动员和训练师的最大匹配数.md    | 175 +++++
 Solutions/LeetCode 3136.有效单词.md                | 246 +++++++
 Solutions/LeetCode 3169.无需开会的工作日.md        | 191 +++++
 .../LeetCode 3201.找出有效子序列的最大长度I.md     | 232 ++++++
 .../LeetCode 3202.找出有效子序列的最大长度II.md    | 259 +++++++
 .../LeetCode 3439.重新安排会议得到最多空余时间I.md | 242 +++++++
 Solutions/Other-English-LearningNotes-SomeWords.md |  77 +-
 Solutions/Other-Japanese-LearningNotes.md          |  38 +-
 changelog                                          | 130 ----
 newSolution.py                                     |  16 +-
 tmp                                                |   6 -
 tryGoPy/MGJW/thisWeek/main.py                      |   0
 tryGoPy/MGJW/thisWeek/owa_beacon/backend.py        |  72 ++
 tryGoPy/MGJW/thisWeek/owa_beacon/email.html        |  12 +
 tryGoPy/MGJW/thisWeek/owa_beacon/html.vbs          |   9 +
 tryGoPy/MGJW/thisWeek/owa_beacon/main.py           |  59 ++
 .../owa_beacon/templates/server-beacon-index.html  | 187 +++++
 .../owa_beacon/templates/server-beacon-list.html   | 144 ++++
 tryGoPy/MGJW/thisWeek/webex/main.py                | 788 +++++++++++++++++++++
 tryGoPy/MGJW/thisWeek/周报.md                      |   7 +-
 tryGoPy/毕设月报/毕设月报-thisMonth.md             |  33 +
 tryGoPy/{ => 毕设月报}/毕设月报.md                 |   0
 72 files changed, 4696 insertions(+), 155 deletions(-)
 create mode 100644 .gitlog
 create mode 100644 Codes/1290-convert-binary-number-in-a-linked-list-to-integer.cpp
 create mode 100644 Codes/1290-convert-binary-number-in-a-linked-list-to-integer.go
 create mode 100644 Codes/1290-convert-binary-number-in-a-linked-list-to-integer.java
 create mode 100644 Codes/1290-convert-binary-number-in-a-linked-list-to-integer.py
 create mode 100644 Codes/1695-maximum-erasure-value.cpp
 create mode 100644 Codes/1695-maximum-erasure-value.go
 create mode 100644 Codes/1695-maximum-erasure-value.java
 create mode 100644 Codes/1695-maximum-erasure-value.py
 create mode 100644 Codes/1957-delete-characters-to-make-fancy-string.cpp
 create mode 100644 Codes/1957-delete-characters-to-make-fancy-string.go
 create mode 100644 Codes/1957-delete-characters-to-make-fancy-string.py
 create mode 100644 Codes/1957-delete-characters-to-make-fancy-string_version2.cpp
 create mode 100644 Codes/2099-find-subsequence-of-length-k-with-the-largest-sum.cpp
 create mode 100644 Codes/2099-find-subsequence-of-length-k-with-the-largest-sum.go
 create mode 100644 Codes/2099-find-subsequence-of-length-k-with-the-largest-sum.java
 create mode 100644 Codes/2099-find-subsequence-of-length-k-with-the-largest-sum.py
 create mode 100644 Codes/2410-maximum-matching-of-players-with-trainers.cpp
 create mode 100644 Codes/2410-maximum-matching-of-players-with-trainers.go
 create mode 100644 Codes/2410-maximum-matching-of-players-with-trainers.java
 create mode 100644 Codes/2410-maximum-matching-of-players-with-trainers.py
 create mode 100644 Codes/3136-valid-word.cpp
 create mode 100644 Codes/3136-valid-word.go
 create mode 100644 Codes/3136-valid-word.java
 create mode 100644 Codes/3136-valid-word.py
 create mode 100644 Codes/3169-count-days-without-meetings.cpp
 create mode 100644 Codes/3169-count-days-without-meetings.go
 create mode 100644 Codes/3169-count-days-without-meetings.java
 create mode 100644 Codes/3169-count-days-without-meetings.py
 create mode 100644 Codes/3201-find-the-maximum-length-of-valid-subsequence-i.cpp
 create mode 100644 Codes/3201-find-the-maximum-length-of-valid-subsequence-i.go
 create mode 100644 Codes/3201-find-the-maximum-length-of-valid-subsequence-i.java
 create mode 100644 Codes/3201-find-the-maximum-length-of-valid-subsequence-i.py
 create mode 100644 Codes/3202-find-the-maximum-length-of-valid-subsequence-ii.cpp
 create mode 100644 Codes/3202-find-the-maximum-length-of-valid-subsequence-ii.go
 create mode 100644 Codes/3202-find-the-maximum-length-of-valid-subsequence-ii.py
 create mode 100644 Codes/3202-find-the-maximum-length-of-valid-subsequence-ii_Ok_KongJian.cpp
 create mode 100644 Codes/3202-find-the-maximum-length-of-valid-subsequence-ii_Ok_KongJian.go
 create mode 100644 Codes/3202-find-the-maximum-length-of-valid-subsequence-ii_Ok_KongJian.py
 create mode 100644 Codes/3202-find-the-maximum-length-of-valid-subsequence-ii_Ok_KongJian_NoMax.cpp
 create mode 100644 Codes/3439-reschedule-meetings-for-maximum-free-time-i.cpp
 create mode 100644 Codes/3439-reschedule-meetings-for-maximum-free-time-i.go
 create mode 100644 Codes/3439-reschedule-meetings-for-maximum-free-time-i.java
 create mode 100644 Codes/3439-reschedule-meetings-for-maximum-free-time-i.py
 create mode 100644 Solutions/LeetCode 1290.二进制链表转整数.md
 create mode 100644 Solutions/LeetCode 1695.删除子数组的最大得分.md
 create mode 100644 Solutions/LeetCode 1957.删除字符使字符串变好.md
 create mode 100644 Solutions/LeetCode 2099.找到和最大的长度为K的子序列.md
 create mode 100644 Solutions/LeetCode 2410.运动员和训练师的最大匹配数.md
 create mode 100644 Solutions/LeetCode 3136.有效单词.md
 create mode 100644 Solutions/LeetCode 3169.无需开会的工作日.md
 create mode 100644 Solutions/LeetCode 3201.找出有效子序列的最大长度I.md
 create mode 100644 Solutions/LeetCode 3202.找出有效子序列的最大长度II.md
 create mode 100644 Solutions/LeetCode 3439.重新安排会议得到最多空余时间I.md
 delete mode 100644 changelog
 delete mode 100644 tmp
 delete mode 100644 tryGoPy/MGJW/thisWeek/main.py
 create mode 100644 tryGoPy/MGJW/thisWeek/owa_beacon/backend.py
 create mode 100644 tryGoPy/MGJW/thisWeek/owa_beacon/email.html
 create mode 100644 tryGoPy/MGJW/thisWeek/owa_beacon/html.vbs
 create mode 100644 tryGoPy/MGJW/thisWeek/owa_beacon/main.py
 create mode 100644 tryGoPy/MGJW/thisWeek/owa_beacon/templates/server-beacon-index.html
 create mode 100644 tryGoPy/MGJW/thisWeek/owa_beacon/templates/server-beacon-list.html
 create mode 100644 tryGoPy/MGJW/thisWeek/webex/main.py
 create mode 100644 tryGoPy/毕设月报/毕设月报-thisMonth.md
 rename tryGoPy/{ => 毕设月报}/毕设月报.md (100%)


---------


  2099
  2179
  2179-continue
* dev
  master
  website
  website_Static
PS F:\OtherApps\Program\Git\Store\Store20_LeetCode> git branch -d 2099
warning: deleting branch '2099' that has been merged to
         'refs/remotes/origin/2099', but not yet merged to HEAD.
Deleted branch 2099 (was 05d35bcaaba).
PS F:\OtherApps\Program\Git\Store\Store20_LeetCode> git branch
  2179
  2179-continue
* dev
  master
  website
  website_Static
PS F:\OtherApps\Program\Git\Store\Store20_LeetCode> 