F:\OtherApps\Program\Git\Store\Store2_Web_Various\various>git pull
remote: Enumerating objects: 23, done.
remote: Counting objects: 100% (23/23), done.
remote: Compressing objects: 100% (2/2), done.
remote: Total 15 (delta 10), reused 15 (delta 10), pack-reused 0 (from 0)
Unpacking objects: 100% (15/15), 1.61 KiB | 2.00 KiB/s, done.
From github.com:LetMeFly666/various
   865c2ac..e9f950b  dev        -> original/dev
   865c2ac..e9f950b  master     -> original/master
warning: It took 10.50 seconds to check forced updates. You can use
'--no-show-forced-updates' or run 'git config fetch.showForcedUpdates false'
 to avoid this check.

error: Your local changes to the following files would be overwritten by merge:
        ACM/LeetCode/index.html
Please commit your changes or stash them before you merge.
Aborting
Updating 865c2ac..e9f950b

F:\OtherApps\Program\Git\Store\Store2_Web_Various\various>git status
On branch dev
Your branch is behind 'original/dev' by 3 commits, and can be fast-forwarded.
  (use "git pull" to update your local branch)

nothing to commit, working tree clean
F:\OtherApps\Program\Git\Store\Store2_Web_Various\various>git pull
Updating 865c2ac..e9f950b
Fast-forward
 ACM/LeetCode/index.html | 8 ++++++--
 1 file changed, 6 insertions(+), 2 deletions(-)

F:\OtherApps\Program\Git\Store\Store2_Web_Various\various>